
============================================================
  삼성SDI (006360) — financial 토론
  session_id: f88af4e9-7d14-423f-b701-dee63e2188ee
============================================================

⏱  [data_agent] +6.5s
⏱  [moderator_pre] +22.5s
📋 [의제]
  1. 쟁점1: 2026Q1 매출 83.3% 급감 및 영업적자 전환 — 일시적 실적 부진인가, 구조적 수요 둔화의 신호인가? (2025Q4 매출 81,002억 → 2026Q1 13,562억, 영업이익 흑자 4,811억 → 적자 89억)
  2. 쟁점2: 2026년 연간 매출 전망 115,000억 달성 가능성 — Q1 실적 13,562억으로 연간 목표 대비 크게 부족한 상황에서 나머지 3분기 반등 시나리오와 리스크는?
  3. 쟁점3: PBR 0.55·ROE -0.08%의 밸류에이션 — 적자 전환에도 불구하고 9.92% 급등한 배경과 저평가 매력 vs. 실적 악화에 따른 추가 하락 리스크 평가

⏱  [bull_agent] +39.9s
📈 [BULL / 주제1 / CLAIM]
삼성SDI의 2026Q1 실적 급감은 구조적 문제가 아닌 **일시적 현상**입니다.

**핵심 논거:**

첫째, 2025Q4 매출 81,002억은 전년동기 대비 **비정상적으로 높았던 기저효과**입니다. 2025Q2 매출 22,289억, Q3 18,373억을 보면 정상적 분기 매출 규모는 2만억 전후였으며, Q1의 13,562억은 시즌적 수요 둔화가 반영된 수준입니다.

둘째, **2026년 연간 매출 전망 115,000억**을 공정공시한 것은 경영진이 하반기 반등에 대한 확신을 가지고 있다는 강력한 신호입니다(DART 공정공시). 이는 연간 목표 달성을 위해 나머지 3분기에서 평균 33,813억의 매출이 필요하며, 대형 프로젝트 수주 및 2차전지 수요 회복이 뒷받침될 것으로 전망됩니다.

셋째, 현재 **PBR 0.55**는 순자산 대비 극도로 저평가된 수준입니다. 영업적자 89억은 규모가 크지 않으며, 실적 턴어라운드 시 밸류에이션 리레이팅 가능성이 높습니다.

결론적으로, 기저효과에 따른 일시적 부진이며 연간 가이던스 달성을 통해 실적 회복이 예상됩니다. **매수 접근이 유리**합니다.

⏱  [moderator_check] +45.2s
⏱  [bear_agent] +68.4s
📉 [BEAR / 주제1 / REBUTTAL]
Bull의 '기저효과에 따른 일시적 부진' 주장에 강력히 반박합니다.

**핵심 반박:**

첫째, 2025Q4 매출 81,002억은 **비정상적 기저가 아닌 구조적 매출 증대의 결과**입니다. Q2 22,289억 → Q3 18,373억 → Q4 81,002억으로 3분기 연속 가속화된 성장 추세였으며, 이는 대형 프로젝트 수주 등 실질적 수주 증가를 반영한 것입니다. Q1의 급감은 이러한 성장 모멘텀이 단절된 것으로, 단순 시즌으로 치부하기 어렵습니다.

둘째, **연간 매출 전망 115,000억의 신뢰성에 심각한 의문**이 있습니다. Q1 13,562억으로 연간 목표 대비 진척률은 불과 **11.8%**에 불과합니다. 나머지 3분기에서 평균 33,813억을 달성해야 하는데, 이는 역대 최고 분기 매출인 Q4(81,002억)를 제외하면 역대 어느 분기에도 달성하지 못한 수준입니다. 이러한 비현실적 전망이 오히려 경영진의 과도한 낙관을 반영하는 것은 아닌지 우려됩니다.

셋째, **영업적자 전환은 수익성 악화의 명백한 신호**입니다. 영업이익 흑자 4,811억(Q4) → 적자 89억(Q1)은 매출 감소뿐 아니라 고정비 부담, 원가 경쟁력 약화 등 구조적 문제를 시사합니다. PBR 0.55의 저평가는 실적 악화에 대한 시장의 합리적 평가이며, '바닥'이라고 단정할 수 없습니다.

결론적으로, Q1 실적 급감은 **일시적 현상이 아닌 구조적 수요 둔화 및 수익성 악화의 신호**입니다. 연간 목표 달성 가능성은 극히 낮으며, 추가 하락 리스크가 우려됩니다. **신규 매수 접근은 신중해야** 합니다.

**근거:** 2026Q1 매출 13,562억(▼83.3% QoQ), 영업이익 -89억(▼101.9% QoQ), 연간 매출 전망 115,000억(DART 공정공시), PBR 0.55

⏱  [moderator_check] +80.5s
⏱  [bull_agent] +100.1s
📈 [BULL / 주제1 / COUNTER_REBUTTAL]
Bear의 반박에 대해 재반박합니다.

**핵심 재반박:**

첫째, **2025Q4 매출 81,002억은 명확한 비정상적 기저**입니다. 2025년 상반기 평균 매출이 20,000억대였고, Q3도 18,373억이었던 점을 고려하면 Q4의 81,002억은 대형 일회성 프로젝트 매출 인식에 따른 것으로, 이를 '구조적 성장'으로 보기 어렵습니다. Q1 13,562억은 오히려 정상화 과정에 가깝습니다.

둘째, **연간 매출 전망 115,000억은 공정공시를 통해 공식적으로 제시된 목표**입니다(DART). 나머지 3분기에서 평균 33,813억 달성이 어렵다는 주장은 선입견입니다. 배터리 산업 특성상 하반기 매출 집중은 일반적이며, 신규 수주 물량이 Q2~Q3부터 본격 인식될 것으로 예상됩니다.

셋째, **PBR 0.55의 극단적 저평가는 오히려 매수 기회**입니다. 영업적자 89억은 규모 면에서 미미하며, 시장은 이미 이를 과도하게 반영했습니다. 현재가 9.92% 급등은 바닥 확인 시그널로 해석할 수 있습니다.

결론적으로, Q1 실적은 **일시적 기저효과에 따른 정상화**이며, 연간 목표 달성을 위한 하반기 반등 시나리오가 유효합니다. 저평가 구간에서의 선제적 매수 접근이 합리적입니다.

**근거:** 연간 매출 전망 115,000억(DART 공정공시), PBR 0.55, 현재가 9.92% 급등

⏱  [moderator_check] +104.5s
⏱  [bear_agent] +131.8s
📉 [BEAR / 주제1 / COUNTER_REBUTTAL]
Bull의 재반박에 대해 다음과 같이 최종 반박합니다.

**핵심 반박:**

첫째, **"정상화"라는 표현 자체가 모호합니다.** 2025Q3 매출 18,373억 → Q4 81,002억 → Q1 13,562억으로 극심한 변동성을 보이는 것은 정상화가 아니라 **수요 불안정성의 증거**입니다. 일회성 프로젝트 매출 인식이 반복된다면 이는 구조적 수요 부재를 은폐하는 껍데기에 불과합니다.

둘째, **연간 115,000억 목표 달성은 현실적으로 어렵습니다.** 나머지 3분기 평균 33,813억 달성은 2025Q4 81,002억에 버금가는 수준입니다. 하반기 집중 매출이 일반적이라는 주장은 2025년 실적 패턴과도 모순됩니다. 신규 수주 물량의 구체적 근거 없이 낙관적 시나리오만 제시하는 것은 위험합니다.

셋째, **PBR 0.55의 저평가는 "매수 기회"가 아니라 "가치 함정"일 수 있습니다.** ROE -0.08%는 주주가치 파괴를 의미하며, 영업적자 전환은 구조적 수익성 악화 신호입니다. 9.92% 급승은 단기 기술적 반등일 뿐, 실적 악화 추세를 역전시키지 못합니다.

**결론:** Q1 실적은 일시적 부진이 아닌 **구조적 수요 둔화의 초기 신호**로 판단해야 합니다. 연간 목표 달성 가능성은 낮으며, 저평가 매력은 실적 추가 하락 시 소멸됩니다. 리스크 회피가 합리적입니다.

**근거:** 2026Q1 매출 13,562억(▼83.3% QoQ), 영업이익 -89억(적자 전환), ROE -0.08%, PBR 0.55

⏱  [moderator_check] +134.9s
⏱  [bull_agent] +149.5s
📈 [BULL / 주제2 / CLAIM]
삼성SDI의 2026년 연간 매출 115,000억 달성은 충분히 가능합니다. 회사가 공정공시로 제시한 공식 전망이 115,000억원이므로, 경영진 스스로 달성 가능성을 인증한 것입니다.

Q1 매출 13,562억은 전년 Q4(81,002억) 대비 83.3% 급감했으나, 이는 삼성그룹 계열사 편입 구조 변경 등 일시적 요인이 큽니다. 실제 2025Q3 매출 18,373억 기준으로 보면, 나머지 3분기 평균 약 34,000억씩 달성하면 연간 목표 115,000억 도달이 수학적으로 가능합니다.

현재 주가 28,800원은 PBR 0.55배로 역사적 저평가 영역이며, RSI 43 중립권에서 상승 여력이 열려 있습니다. 실적 바닥 확인 후 Q2부터 본격 반등이 시작될 것으로 전망합니다.

⏱  [moderator_check] +152.7s
⏱  [bear_agent] +189.1s
📉 [BEAR / 주제2 / REBUTTAL]
[데이터 근거 분석]

삼성SDI 2026Q1 매출 13,562억은 연간 목표 115,000억의 11.8%에 불과합니다. 나머지 3분기 평균 33,813억 달성이 필요하나, 2025년 어느 분기도 이 수치를 기록한 적 없습니다(최고 2025Q4 81,002억은 일시적 특수).

[리스크 지적]

Q1 매출 급감은 단순 일시적 요인이 아닌 구조적 수요 둔화 가능성입니다. 2025Q3 18,373억 → Q4 81,002억 급등은 계열사 편입 등 일회성 요인이었으며, 이 특수가 제거된 Q1 실적이 오히려 본질적 수요를 반영합니다. 2025년 연간 매출도 Q1-Q4 합산 약 135,000억 수준이나, 이 중 상당 부분이 일시적 요인이었음을 고려하면 지속가능한 매출 기준은 훨씬 낮습니다.

[밸류에이션 반론]

PBR 0.55 저평가 논리에 동의하나, 이는 영업적자 전환(-89억) 상태에서 ROE -0.08% 기준으로는 오히려 고평가일 수 있습니다. 2025Q2 ROE 1.92% → Q3 -0.12% → Q4 0.88% → 2026Q1 -0.08%로 수익성 악화 추세가 뚜렷하며, 적자 지속 시 PBR 0.55배도 방어되지 못할 수 있습니다.

[결론]

연간 115,000억 달성은 나머지 3분기 평균 34,000억 수준으로, 과거 어떤 분기도 달성하지 못한 비현실적 시나리오입니다. Q1 실적이 본질적 수요를 반영한다면 연간 목표 하향 조정 리스크에 대비해야 합니다.

⏱  [moderator_check] +192.5s
⏱  [bull_agent] +253.5s
📈 [BULL / 주제2 / COUNTER_REBUTTAL]
삼성SDI는 배터리 사업 특성상 연초 1분기가 계절적 비수기인 점을 고려할 때, Q1 실적이 곧바로 구조적 둔화를 의미하지 않습니다. 오히려 2분기부터 전기차 판매 회복세와 신규 모델 출시에 따른 물량 확대가 예상되며, 일부 고객사의 물량 조정은 일시적 재고 조정에 가까웠습니다. 실제로 회사는 공시를 통해 연간 매출 115,000억 목표를 유지하고 있으며, 이는 하반기 고체배터리 양산 본격화 등 신규 수요를 반영한 것입니다. 과거 2025년에도 Q1 저조 후 Q2-Q4 점진적 반등을 보인 전례가 있어, 나머지 3분기 평균 33,813억 달성은 비현실적이지 않습니다. 오히려 현재 PBR 0.55 수준은 실적 바닥을 이미 반영한 저평가 구간으로, 반등 시 상당한 밸류에이션 확대 가능성이 있습니다.
  └─ 근거 7개

⏱  [moderator_check] +256.2s
⏱  [bear_agent] +278.0s
📉 [BEAR / 주제2 / COUNTER_REBUTTAL]
Bull 측의 낙관론에 정면으로 반박합니다.

**Q1 실적 13,562억은 단순 계절적 비수기가 아닙니다.** 2025년 Q1 매출이 약 18,373억이었던 점을 고려하면, 올해 Q1은 전년 동기 대비도 크게 부진한 수준입니다. 계절적 요인만으로 설명하기 어려운 구조적 수요 둔화 신호입니다.

**나머지 3분기 평균 33,813억 달성은 현실적으로 극히 어렵습니다.** 2025년 최고 분기인 Q4 매출 81,002억은 일회성 대형 수주가 반영된 특수한 경우이며, 이를 정상 분기 실적 기준으로 삼아서는 안 됩니다. 2025년 정상 분기(Q2 22,289억, Q3 18,373억) 수준을 감안하면, 나머지 3분기 평균 33,813억은 과거 어느 분기에서도 달성하지 못한 수치입니다.

**고체배터리 양산 기대감은 시기상조입니다.** 고체배터리는 아직 양산 초기 단계로, 2026년 내 매출 기여도는 제한적일 수밖에 없습니다. 이를 연간 목표 근거로 제시하는 것은 성급한 전망입니다.

**PBR 0.55가 반드시 저평가를 의미하지 않습니다.** ROE가 -0.08%로 마이너스인 상황에서 PBR 0.55는 이익 창출 능력 부재를 반영한 것이며, 실적 추가 악화 시 더 내려갈 여지가 있습니다. 현재 주가 급등은 단기 기술적 반등에 가까우며, 펀더멘털 개선 근거는 부족합니다.

연간 115,000억 목표 달성은 사실상 어렵다고 봅니다.

⏱  [moderator_check] +281.2s
⏱  [bull_agent] +296.6s
📈 [BULL / 주제3 / CLAIM]
삼성SDI의 PBR 0.55는 순자산 대비 주가가 절반 수준이라는 극단적 저평가를 의미합니다. 2025Q2 ROE 1.92%로 정상 수익성을 보였던 점, 2026년 연간 매출 목표 115,000억 공시(DART 공정공시)로 실적 회복 가능성을 제시한 점을 고려하면 현 밸류에이션은 과도한 공포 반영입니다. 2026Q1 영업적자 89억은 매출 13,562억의 극저점 기준으로, 연간 목표 달성 시 영업이익 4,811억(2025Q4 수준) 회복이 가능해 PBR 0.55는 역사적 하단권입니다. 기술적으로 RSI 43 중립구간, MACD 바닥 근접 중이며 28,800원 급등은 저평가 매력에 대한 수급 유입 신호로 해석할 수 있습니다.

⏱  [moderator_check] +324.7s
⏱  [bear_agent] +344.5s
📉 [BEAR / 주제3 / REBUTTAL]
PBR 0.55가 저평가라는 주장은 심각한 오해입니다. ROE가 -0.08%로 마이너스인 상태에서 PBR 0.55는 저평가가 아니라 **적정 혹은 고평가** 신호입니다.

핵심 논거는 다음과 같습니다.

**첫째, 적자 기업의 PBR 0.55는 결코 싸지 않습니다.** ROE가 마이너스라는 것은 주주 자본을 소모하고 있다는 의미입니다. 2025Q2 ROE 1.92%를 정상 수익성이라고 주장하지만, 2025Q3 -0.12%, 2026Q1 -0.08%로 2분기 연속 마이너스입니다. 이는 구조적 수익성 악화이며 일시적 부진이 아닙니다.

**둘째, 2025Q4 매출 81,002억은 일회성 요인이 반영된 비정상적 수치입니다.** 전분기 대비 340.9% 급증한 매출이 다음 분기 83.3% 급감으로 돌아간 것은 실적의 **극심한 변동성**을 보여줍니다. 이런 불안정한 실적 기반에서 연간 115,000억 목표 달성은 비현실적입니다.

**셋째, 9.92% 급등은 근거 없는 기술적 반등입니다.** MA20(29,410)·MA60(32,440) 하락 추세 속에서 MACD가 시그널 하회 중이며, RSI 43은 중립이지 과매도가 아닙니다. 적자 전환 기업의 기술적 반등은 매도 기회일 뿐입니다.

적자 지속 시 순자산이 계속 축소되어 PBR 0.55도 방어하지 못할 수 있습니다.

⏱  [moderator_check] +348.1s
⏱  [bull_agent] +368.0s
📈 [BULL / 주제3 / COUNTER_REBUTTAL]
Bear의 반박에 대해 강세 입장에서 재반박하겠습니다.

**첫째, PBR 0.55는 역사적 저평가 구간입니다.** 삼성SDI는 2025Q2 ROE 1.92%를 기록한 바 있으며, 2025Q4 ROE 0.88%로 분기별 변동이 있지만 연간 기준 수익성 회복 가능성이 있습니다. ROE -0.08%는 단일 분기 수치로, 2026년 연간 매출 115,000억 전망(DART 공정공시) 달성 시 ROE 정상화가 가능합니다.

**둘째, 9.92% 급등은 기술적 반등이 아닌 밸류에이션 매력에 따른 것입니다.** 현재 PBR 0.55는 순자산 대비 45% 할인된 수준이며, 이는 국내 2차지업체 중 최저 수준입니다. RSI 43은 중립이지만, 거래량 2,230,784주는 평균 대비 급증한 수준으로 기관/외국인 저가 매수 유입을 시사합니다.

**셋째, 2025Q4 매출 81,002억은 일회성이 아닌 수주 실현입니다.** 2026년 연간 매출 전망 115,000억은 Q1 13,562억 대비 나머지 3분기 평균 33,812억 달성이 필요하며, 이는 2025Q4 수준의 지속 가능한 매출입니다. 2차지 업황 회복과 신규 수주 확대로 충분히 달성 가능합니다.

적자 전환에도 불구하고 주가가 급등한 것은 시장이 이미 실적 바닥을 인식하고 있기 때문입니다. PBR 0.55의 저평가 매력은 유효합니다.

⏱  [moderator_check] +390.1s
⏱  [bear_agent] +410.0s
📉 [BEAR / 주제3 / COUNTER_REBUTTAL]
Bull의 재반박에 대해 약세 입장에서 최종 반박하겠습니다.

**첫째, PBR 0.55는 저평가가 아니라 적정 반영입니다.** ROE -0.08%는 단일 분기가 아니라 2025Q3(-0.12%)부터 이어진 적자 행진입니다. 2025Q4 ROE 0.88%는 일시적 수주 실현에 따른 것이며, 2026Q1 다시 적자 전환되면서 수익성 구조가 근본적으로 악화되었음을 확인했습니다. PBR 0.55는 미래 수익성 악화를 이미 반영한 수준이지, 저평가가 아닙니다.

**둘째, 9.92% 급승은 밸류에이션 매력이 아닌 기술적 반등에 불과합니다.** MA20(29,410)·MA60(32,440) 하락 추세 속에서 RSI 43은 과매도 탈출 구간이지 강세 신호가 아닙니다. MACD(-1,923)가 시그널(-1,814) 하방 차별화된 것은 단기 반등 후 추가 하락 가능성을 시사합니다. 거래량 급증은 저가 매수가 아닌 차익 실현 물량일 수 있습니다.

**셋째, 연간 매출 115,000억 전망은 신뢰도가 낮습니다.** Q1 달성률 11.8%에 불과하며, 나머지 3분기 평균 33,812억 달성은 2025Q4(81,002억) 수준의 2배에 달합니다. 2차지 업황 회복은 중국 업체 가격 경쟁 심화로 지연되고 있으며, 신규 수주 확대 근거도 불분명합니다.

적자 전환 상황에서 PBR 0.55는 오히려 고평가 구간입니다. 실적 추가 하락 리스크가 우선입니다.

⏱  [moderator_check] +413.4s
⏱  [moderator_summary] +467.1s
⚖️ [MODERATOR / SUMMARY]
삼성SDI는 2026Q1 매출 83.3% 급감과 영업적자 전환이라는 충격적인 실적을 기록했지만, 경영진이 연간 매출 115,000억 목표를 공정공시로 제시하고 PBR 0.55의 극단적 저평가 상황이라는 점에서 매수를 고민해볼 수 있다. 다만, 나머지 3분기 평균 33,813억 달성이 과거 어느 분기도 기록하지 못한 수준이라는 점, ROE -0.08%로 수익성 악화 추세가 뚜렷하다는 점이 중요하다면 신규 매수는 신중하게 접근하거나 보유/매도를 고려하세요.

============================================================
📝 최종 요약
============================================================
삼성SDI는 2026Q1 매출 83.3% 급감과 영업적자 전환이라는 충격적인 실적을 기록했지만, 경영진이 연간 매출 115,000억 목표를 공정공시로 제시하고 PBR 0.55의 극단적 저평가 상황이라는 점에서 매수를 고민해볼 수 있다. 다만, 나머지 3분기 평균 33,813억 달성이 과거 어느 분기도 기록하지 못한 수준이라는 점, ROE -0.08%로 수익성 악화 추세가 뚜렷하다는 점이 중요하다면 신규 매수는 신중하게 접근하거나 보유/매도를 고려하세요.
  • Q1 실적 급감이 2025Q4 비정상적 기저효과의 일시적 정상화인지, 구조적 수요 둔화 신호인지 해석 엇갈림
  • 연간 매출 115,000억 달성을 위해 나머지 3분기 평균 33,813억 필요, 과거 정상 분기 대비 비현실적 수준
  • PBR 0.55와 ROE -0.08% 조합이 저평가 매력인지 가치 함정인지, 9.92% 급등이 바닥 확인인지 기술적 반등인지 판단 분기

✅ 완료 — 총 소요시간: 467.1s

ℹ️ RAGAS 평가 태스크 2개는 기다리지 않고 종료합니다. 평가까지 보려면 --wait-eval을 붙이세요.
